../Core/Src/main.c:78:6:Display_Row1	8	static
../Core/Src/main.c:84:6:Display_Row2	8	static
../Core/Src/main.c:90:6:set_time	8	static
../Core/Src/main.c:120:6:get_time	16	static
../Core/Src/main.c:135:6:display_time	8	static
../Core/Src/main.c:146:5:main	8	static
../Core/Src/main.c:198:6:SystemClock_Config	88	static
../Core/Src/main.c:240:13:MX_I2C1_Init	8	static
../Core/Src/main.c:288:13:MX_I2C2_Init	8	static
../Core/Src/main.c:336:13:MX_RTC_Init	8	static
../Core/Src/main.c:373:13:MX_GPIO_Init	24	static
../Core/Src/main.c:395:6:Error_Handler	4	static,ignoring_inline_asm
