../Core/Src/main.c:74:6:Display_Row1	8	static
../Core/Src/main.c:80:6:Display_Row2	8	static
../Core/Src/main.c:86:6:set_time	8	static
../Core/Src/main.c:116:6:get_time	16	static
../Core/Src/main.c:131:6:display_time	8	static
../Core/Src/main.c:142:5:main	8	static
../Core/Src/main.c:192:6:SystemClock_Config	88	static
../Core/Src/main.c:234:13:MX_I2C1_Init	8	static
../Core/Src/main.c:282:13:MX_RTC_Init	8	static
../Core/Src/main.c:319:13:MX_USART1_UART_Init	8	static
../Core/Src/main.c:367:13:MX_GPIO_Init	16	static
../Core/Src/main.c:388:6:Error_Handler	4	static,ignoring_inline_asm
