15:31:21 **** Incremental Build of configuration Debug for project STM32G431KBT6 ****
make -j4 all 
arm-none-eabi-gcc "../Core/Src/main.c" -mcpu=cortex-m4 -std=gnu11 -g3 -DDEBUG -DUSE_HAL_DRIVER -DSTM32G431xx -c -I../Core/Inc -I../Drivers/STM32G4xx_HAL_Driver/Inc -I../Drivers/STM32G4xx_HAL_Driver/Inc/Legacy -I../Drivers/CMSIS/Device/ST/STM32G4xx/Include -I../Drivers/CMSIS/Include -O0 -ffunction-sections -fdata-sections -Wall -fstack-usage -fcyclomatic-complexity -MMD -MP -MF"Core/Src/main.d" -MT"Core/Src/main.o" --specs=nano.specs -mfpu=fpv4-sp-d16 -mfloat-abi=hard -mthumb -o "Core/Src/main.o"
arm-none-eabi-gcc -o "STM32G431KBT6.elf" @"objects.list"   -mcpu=cortex-m4 -T"C:\Users\janthony\STM32CubeIDE\workspace_1.13.1\STM32G431KBT6\STM32G431KBTX_FLASH.ld" --specs=nosys.specs -Wl,-Map="STM32G431KBT6.map" -Wl,--gc-sections -static --specs=nano.specs -mfpu=fpv4-sp-d16 -mfloat-abi=hard -mthumb -Wl,--start-group -lc -lm -Wl,--end-group
Finished building target: STM32G431KBT6.elf
 
arm-none-eabi-size   STM32G431KBT6.elf 
arm-none-eabi-objdump -h -S  STM32G431KBT6.elf  > "STM32G431KBT6.list"
   text	   data	    bss	    dec	    hex	filename
  18704	    100	   2236	  21040	   5230	STM32G431KBT6.elf
Finished building: default.size.stdout
 
Finished building: STM32G431KBT6.list
 

15:31:24 Build Finished. 0 errors, 0 warnings. (took 3s.140ms)

